#
# There is insufficient memory for the Java Runtime Environment to continue.
# Native memory allocation (mmap) failed to map 132120576 bytes. Error detail: G1 virtual space
# Possible reasons:
#   The system is out of physical RAM or swap space
#   This process is running with CompressedOops enabled, and the Java Heap may be blocking the growth of the native heap
# Possible solutions:
#   Reduce memory load on the system
#   Increase physical memory or swap space
#   Check if swap backing store is full
#   Decrease Java heap size (-Xmx/-Xms)
#   Decrease number of Java threads
#   Decrease Java thread stack sizes (-Xss)
#   Set larger code cache with -XX:ReservedCodeCacheSize=
#   JVM is running with Unscaled Compressed Oops mode in which the Java heap is
#     placed in the first 4GB address space. The Java Heap base address is the
#     maximum limit for the native heap growth. Please use -XX:HeapBaseMinAddress
#     to set the Java Heap base and to place the Java Heap above 4GB virtual address.
# This output file may be truncated or incomplete.
#
#  Out of Memory Error (os_windows.cpp:3926), pid=19404, tid=9996
#
# JRE version:  (21.0.10) (build )
# Java VM: OpenJDK 64-Bit Server VM (21.0.10+-14961533-b1163.108, mixed mode, sharing, tiered, compressed oops, compressed class ptrs, g1 gc, windows-amd64)
# No core dump will be written. Minidumps are not enabled by default on client versions of Windows
#

---------------  S U M M A R Y ------------

Command Line: 

Host: Intel(R) Core(TM) i5-7300U CPU @ 2.60GHz, 4 cores, 7G,  Windows 10 , 64 bit Build 19041 (10.0.19041.5915)
Time: Thu Aug 27 00:29:14 2026 elapsed time: 0.017752 seconds (0d 0h 0m 0s)

---------------  T H R E A D  ---------------

Current thread (0x000001da52677630):  JavaThread "Unknown thread" [_thread_in_vm, id=9996, stack(0x0000008faeb00000,0x0000008faec00000) (1024K)]

Stack: [0x0000008faeb00000,0x0000008faec00000]
Native frames: (J=compiled Java code, j=interpreted, Vv=VM code, C=native code)
V  [jvm.dll+0x6d78a9]
V  [jvm.dll+0x8665b3]
V  [jvm.dll+0x868bde]
V  [jvm.dll+0x8692c3]
V  [jvm.dll+0x280ee6]
V  [jvm.dll+0x6d4165]
V  [jvm.dll+0x6c77fa]
V  [jvm.dll+0x358f4b]
V  [jvm.dll+0x360bc6]
V  [jvm.dll+0x3b2ea6]
V  [jvm.dll+0x3b3178]
V  [jvm.dll+0x32b65c]
V  [jvm.dll+0x32c34b]
V  [jvm.dll+0x82f449]
V  [jvm.dll+0x3c0078]
V  [jvm.dll+0x8185e8]
V  [jvm.dll+0x45449e]
V  [jvm.dll+0x455c01]
C  [jli.dll+0x52ab]
C  [ucrtbase.dll+0x21bb2]
C  [KERNEL32.DLL+0x17374]
C  [ntdll.dll+0x4cc91]


---------------  P R O C E S S  ---------------

Threads class SMR info:
_java_thread_list=0x00007ffe600bb9c8, length=0, elements={
}

Java Threads: ( => current thread )
Total: 0

Other Threads:
  0x000001da526c93c0 WorkerThread "GC Thread#0"                     [id=9192, stack(0x0000008faec00000,0x0000008faed00000) (1024K)]
  0x000001da526d9d50 ConcurrentGCThread "G1 Main Marker"            [id=19244, stack(0x0000008faed00000,0x0000008faee00000) (1024K)]
  0x000001da526da700 WorkerThread "G1 Conc#0"                       [id=1536, stack(0x0000008faee00000,0x0000008faef00000) (1024K)]

[error occurred during error reporting (printing all threads), id 0xc0000005, EXCEPTION_ACCESS_VIOLATION (0xc0000005) at pc=0x00007ffe5f8ae637]
VM state: not at safepoint (not fully initialized)

VM Mutex/Monitor currently owned by a thread:  ([mutex/lock_event])
[0x00007ffe601287d0] Heap_lock - owner thread: 0x000001da52677630

Heap address: 0x0000000082800000, size: 2008 MB, Compressed Oops mode: 32-bit

CDS archive(s) mapped at: [0x0000000000000000-0x0000000000000000-0x0000000000000000), size 0, SharedBaseAddress: 0x0000000800000000, ArchiveRelocationMode: 1.
Narrow klass base: 0x0000000000000000, Narrow klass shift: 0, Narrow klass range: 0x0

GC Precious Log:
 CardTable entry size: 512
 Card Set container configuration: InlinePtr #cards 5 size 8 Array Of Cards #cards 12 size 40 Howl #buckets 4 coarsen threshold 1843 Howl Bitmap #cards 512 size 80 coarsen threshold 460 Card regions per heap region 1 cards per card region 2048

Heap:
 garbage-first heap   total 0K, used 0K [0x0000000082800000, 0x0000000100000000)
  region size 1024K, 0 young (0K), 0 survivors (0K)
 Metaspace       used 0K, committed 0K, reserved 0K
  class space    used 0K, committed 0K, reserved 0K

Heap Regions: E=young(eden), S=young(survivor), O=old, HS=humongous(starts), HC=humongous(continues), CS=collection set, F=free, TAMS=top-at-mark-start, PB=parsable bottom

Card table byte_map: [0x000001da64bb0000,0x000001da64fa0000] _byte_map_base: 0x000001da6479c000

Marking Bits: (CMBitMap*) 0x000001da526c9970
 Bits: [0x000001da64fa0000, 0x000001da66f00000)

GC Heap History (0 events):
No events

Dll operation events (1 events):
Event: 0.011 Loaded shared library C:\Program Files\Android\Android Studio\jbr\bin\java.dll

Deoptimization events (0 events):
No events

Classes loaded (0 events):
No events

Classes unloaded (0 events):
No events

Classes redefined (0 events):
No events

Internal exceptions (0 events):
No events

ZGC Phase Switch (0 events):
No events

VM Operations (0 events):
No events

Memory protections (0 events):
No events

Nmethod flushes (0 events):
No events

Events (0 events):
No events


Dynamic libraries:
0x00007ff6c6ed0000 - 0x00007ff6c6eda000 	C:\Program Files\Android\Android Studio\jbr\bin\java.exe
0x00007ffef9a70000 - 0x00007ffef9c68000 	C:\Windows\SYSTEM32\ntdll.dll
0x00007ffef7d00000 - 0x00007ffef7dc2000 	C:\Windows\System32\KERNEL32.DLL
0x00007ffef7570000 - 0x00007ffef7866000 	C:\Windows\System32\KERNELBASE.dll
0x00007ffef7990000 - 0x00007ffef7a90000 	C:\Windows\System32\ucrtbase.dll
0x00007ffeea510000 - 0x00007ffeea528000 	C:\Program Files\Android\Android Studio\jbr\bin\jli.dll
0x00007ffef9630000 - 0x00007ffef97d1000 	C:\Windows\System32\USER32.dll
0x00007ffef72f0000 - 0x00007ffef7312000 	C:\Windows\System32\win32u.dll
0x00007ffef7a90000 - 0x00007ffef7abb000 	C:\Windows\System32\GDI32.dll
0x00007ffef7870000 - 0x00007ffef7989000 	C:\Windows\System32\gdi32full.dll
0x00007ffef7420000 - 0x00007ffef74bd000 	C:\Windows\System32\msvcp_win.dll
0x00007ffeea770000 - 0x00007ffeea78b000 	C:\Program Files\Android\Android Studio\jbr\bin\VCRUNTIME140.dll
0x00007ffee26e0000 - 0x00007ffee297b000 	C:\Windows\WinSxS\amd64_microsoft.windows.common-controls_6595b64144ccf1df_6.0.19041.6456_none_60b8a6cb71f64256\COMCTL32.dll
0x00007ffef8e90000 - 0x00007ffef8f2e000 	C:\Windows\System32\msvcrt.dll
0x00007ffef7dd0000 - 0x00007ffef7dff000 	C:\Windows\System32\IMM32.DLL
0x000000005ad40000 - 0x000000005ad4d000 	C:\Program Files (x86)\360\Total Security\safemon\SafeWrapper.dll
0x00007ffef9170000 - 0x00007ffef9221000 	C:\Windows\System32\ADVAPI32.dll
0x00007ffef9590000 - 0x00007ffef962f000 	C:\Windows\System32\sechost.dll
0x00007ffef9050000 - 0x00007ffef9170000 	C:\Windows\System32\RPCRT4.dll
0x00007ffef7320000 - 0x00007ffef7347000 	C:\Windows\System32\bcrypt.dll
0x00007ffe9f480000 - 0x00007ffe9f585000 	C:\Program Files (x86)\360\Total Security\safemon\libzdtp64.dll
0x00007ffef86a0000 - 0x00007ffef8e10000 	C:\Windows\System32\SHELL32.dll
0x00007ffef7e00000 - 0x00007ffef7e5b000 	C:\Windows\System32\SHLWAPI.dll
0x00007ffef6c80000 - 0x00007ffef6c8a000 	C:\Windows\SYSTEM32\VERSION.dll
0x00007ffef2c00000 - 0x00007ffef2c0c000 	C:\Program Files\Android\Android Studio\jbr\bin\vcruntime140_1.dll
0x00007ffe867d0000 - 0x00007ffe8685d000 	C:\Program Files\Android\Android Studio\jbr\bin\msvcp140.dll
0x00007ffe5f570000 - 0x00007ffe60206000 	C:\Program Files\Android\Android Studio\jbr\bin\server\jvm.dll
0x00007ffef98c0000 - 0x00007ffef992b000 	C:\Windows\System32\WS2_32.dll
0x00007ffef6590000 - 0x00007ffef65db000 	C:\Windows\SYSTEM32\POWRPROF.dll
0x00007ffee0e20000 - 0x00007ffee0e47000 	C:\Windows\SYSTEM32\WINMM.dll
0x00007ffef6450000 - 0x00007ffef6462000 	C:\Windows\SYSTEM32\UMPDC.dll
0x00007ffef4ea0000 - 0x00007ffef4eb2000 	C:\Windows\SYSTEM32\kernel.appcore.dll
0x00007ffef2b80000 - 0x00007ffef2b8a000 	C:\Program Files\Android\Android Studio\jbr\bin\jimage.dll
0x00007ffeecf20000 - 0x00007ffeed121000 	C:\Windows\SYSTEM32\DBGHELP.DLL
0x00007ffee09a0000 - 0x00007ffee09d4000 	C:\Windows\SYSTEM32\dbgcore.DLL
0x00007ffef7260000 - 0x00007ffef72e2000 	C:\Windows\System32\bcryptPrimitives.dll
0x00007ffedfd20000 - 0x00007ffedfd40000 	C:\Program Files\Android\Android Studio\jbr\bin\java.dll

JVMTI agents: none

dbghelp: loaded successfully - version: 4.0.5 - missing functions: none
symbol engine: initialized successfully - sym options: 0x614 - pdb path: .;C:\Program Files\Android\Android Studio\jbr\bin;C:\Windows\SYSTEM32;C:\Windows\WinSxS\amd64_microsoft.windows.common-controls_6595b64144ccf1df_6.0.19041.6456_none_60b8a6cb71f64256;C:\Program Files (x86)\360\Total Security\safemon;C:\Program Files\Android\Android Studio\jbr\bin\server

VM Arguments:
java_command: <unknown>
java_class_path (initial): <not set>
Launcher Type: SUN_STANDARD

[Global flags]
     intx CICompilerCount                          = 3                                         {product} {ergonomic}
     uint ConcGCThreads                            = 1                                         {product} {ergonomic}
     uint G1ConcRefinementThreads                  = 4                                         {product} {ergonomic}
   size_t G1HeapRegionSize                         = 1048576                                   {product} {ergonomic}
    uintx GCDrainStackTargetSize                   = 64                                        {product} {ergonomic}
   size_t InitialHeapSize                          = 132120576                                 {product} {ergonomic}
   size_t MarkStackSize                            = 4194304                                   {product} {ergonomic}
   size_t MaxHeapSize                              = 2105540608                                {product} {ergonomic}
   size_t MinHeapDeltaBytes                        = 1048576                                   {product} {ergonomic}
   size_t MinHeapSize                              = 8388608                                   {product} {ergonomic}
    uintx NonNMethodCodeHeapSize                   = 5832780                                {pd product} {ergonomic}
    uintx NonProfiledCodeHeapSize                  = 122912730                              {pd product} {ergonomic}
    uintx ProfiledCodeHeapSize                     = 122912730                              {pd product} {ergonomic}
    uintx ReservedCodeCacheSize                    = 251658240                              {pd product} {ergonomic}
     bool SegmentedCodeCache                       = true                                      {product} {ergonomic}
   size_t SoftMaxHeapSize                          = 2105540608                             {manageable} {ergonomic}
     bool UseCompressedOops                        = true                           {product lp64_product} {ergonomic}
     bool UseG1GC                                  = true                                      {product} {ergonomic}
     bool UseLargePagesIndividualAllocation        = false                                  {pd product} {ergonomic}

Logging:
Log output configuration:
 #0: stdout all=warning uptime,level,tags foldmultilines=false
 #1: stderr all=off uptime,level,tags foldmultilines=false

Release file:
<release file has not been read>
Environment Variables:
JAVA_HOME=C:\Program Files\Android\Android Studio\jbr
PATH=C:\Program Files\Android\Android Studio\jbr\bin;C:\Program Files\Common Files\Oracle\Java\javapath;C:\Program Files (x86)\VMware\VMware Workstation\bin\;D:\DevSuiteHome_1\jdk\jre\bin\classic;D:\DevSuiteHome_1\jdk\jre\bin;D:\DevSuiteHome_1\jdk\jre\bin\client;D:\DevSuiteHome_1\jlib;D:\DevSuiteHome_1\bin;D:\DevSuiteHome_1\jre\1.4.2\bin\client;D:\DevSuiteHome_1\jre\1.4.2\bin;D:\oracle\product\10.2.0\db_1\bin;C:\Program Files (x86)\Common Files\Oracle\Java\javapath;C:\Windows\system32;C:\Windows;C:\Windows\System32\Wbem;C:\Windows\System32\WindowsPowerShell\v1.0\;C:\Windows\System32\OpenSSH\;C:\Program Files (x86)\QT Lite\QTSystem;C:\Program Files\dotnet\;C:\Program Files (x86)\NVIDIA Corporation\PhysX\Common;C:\Users\KA\.dnx\bin;C:\Program Files\Microsoft DNX\Dnvm\;C:\Program Files\Microsoft SQL Server\120\Tools\Binn\;C:\Program Files\Microsoft SQL Server\130\Tools\Binn\;C:\Program Files\Microsoft VS Code\bin;C:\Program Files\Microsoft SQL Server\Client SDK\ODBC\170\Tools\Binn\;C:\Program Files\Microsoft SQL Server\150\Tools\Binn\;C:\Program Files\Microsoft SQL Server\120\DTS\Binn\;C:\Program Files\Microsoft SQL Server\Client SDK\ODBC\110\Tools\Binn\;C:\Program Files (x86)\Microsoft SQL Server\120\Tools\Binn\;C:\Program Files (x86)\Microsoft SQL Server\120\Tools\Binn\ManagementStudio\;C:\Program Files (x86)\Microsoft SQL Server\120\DTS\Binn\;C:\Users\KA\.dnx\bin;C:\Program Files\Microsoft DNX\Dnvm\;C:\Program Files\Microsoft\Web Platform Installer\;C:\Program Files (x86)\Microsoft ASP.NET\ASP.NET Web Pages\v1.0\;C:\Program Files\Microsoft SQL Server\110\Tools\Binn\;C:\Program Files\Intel\WiFi\bin\;C:\Program Files\Common Files\Intel\WirelessCommon\;C:\Program Files\Git\cmd;C:\Program Files\Android\Android Studio\bin;C:\flutter\bin;C:\Users\KA\AppData\Local\Programs\Python\Python313\Scripts\;C:\Users\KA\AppData\Local\Programs\Python\Python313\;C:\Users\KA\AppData\Local\Programs\Python\Launcher\;C:\Users\KA\AppData\Local\Microsoft\WindowsApps;C:\Program Files\JetBrains\PyCharm Community Edition 2023.2.2\bin;;C:\Program Files\Java\jdk-21;C:\Users\KA\.dotnet\tools;C:\flutter\bin\mingit\cmd
USERNAME=KA
LANG=en_US.UTF-8
OS=Windows_NT
PROCESSOR_IDENTIFIER=Intel64 Family 6 Model 142 Stepping 9, GenuineIntel
TMP=C:\Users\KA\AppData\Local\Temp
TEMP=C:\Users\KA\AppData\Local\Temp




Periodic native trim disabled

JNI global refs:
JNI global refs: 0, weak refs: 0

JNI global refs memory usage: 0, weak refs: 0

Process memory usage:
Resident Set Size: 11980K (0% of 8218616K total physical memory with 1524260K free physical memory)

OOME stack traces (most recent first):
Classloader memory used:

---------------  S Y S T E M  ---------------

OS:
 Windows 10 , 64 bit Build 19041 (10.0.19041.5915)
OS uptime: 5 days 5:11 hours
Hyper-V role detected

CPU: total 4 (initial active 4) (2 cores per cpu, 2 threads per core) family 6 model 142 stepping 9 microcode 0xf6, cx8, cmov, fxsr, ht, mmx, 3dnowpref, sse, sse2, sse3, ssse3, sse4.1, sse4.2, popcnt, lzcnt, tsc, tscinvbit, avx, avx2, aes, erms, clmul, bmi1, bmi2, rtm, adx, fma, vzeroupper, clflush, clflushopt, hv, rdtscp, f16c
Processor Information for the first 4 processors :
  Max Mhz: 2712, Current Mhz: 2611, Mhz Limit: 2603

Memory: 4k page, system-wide physical 8025M (1488M free)
TotalPageFile size 10025M (AvailPageFile size 265M)
current process WorkingSet (physical memory assigned to process): 11M, peak: 11M
current process commit charge ("private bytes"): 52M, peak: 178M

vm_info: OpenJDK 64-Bit Server VM (21.0.10+-14961533-b1163.108) for windows-amd64 JRE (21.0.10+-14961533-b1163.108), built on 2026-03-02T19:58:50Z by "builder" with MS VC++ 16.10 / 16.11 (VS2019)

END.
